<!doctype html public "-//w3c//dtd html 4.0 transitional//en">
<html><head>
<title>Static Call Graph - [.\Objects\Midterms.axf]</title></head>
<body><HR>
<H1>Static Call Graph for image .\Objects\Midterms.axf</H1><HR>
<BR><P>#&#060CALLGRAPH&#062# ARM Linker, 6180002: Last Updated: Thu Oct 20 16:50:00 2022
<BR><P>
<H3>Maximum Stack Usage =          0 bytes + Unknown(Untraceable Function Pointers)</H3><H3>
Call chain for Maximum Stack Depth:</H3>

<P>
<H3>
Function Pointers
</H3><UL>
 <LI><a href="#[0]">__main</a> from start.o(sum69) referenced from start.o(sum69)
</UL>
<P>
<H3>
Global Symbols
</H3>
<P><STRONG><a name="[0]"></a>__main</STRONG> (Thumb, 20 bytes, Stack size 0 bytes, start.o(sum69))
<BR><BR>[Calls]<UL><LI><a href="#[1]">&gt;&gt;</a>&nbsp;&nbsp;&nbsp;sum6
</UL>
<BR>[Address Reference Count : 1]<UL><LI> start.o(sum69)
</UL>
<P><STRONG><a name="[2]"></a>Reset_Handler</STRONG> (Thumb, 4 bytes, Stack size 0 bytes, start.o(sum69))
<P>
<H3>
Local Symbols
</H3>
<P><STRONG><a name="[1]"></a>sum6</STRONG> (Thumb, 10 bytes, Stack size 0 bytes, start.o(sum69))
<BR><BR>[Called By]<UL><LI><a href="#[0]">&gt;&gt;</a>&nbsp;&nbsp;&nbsp;__main
</UL>
<P>
<H3>
Undefined Global Symbols
</H3><HR></body></html>
