<html>
<body>
<pre>
<h1>µVision Build Log</h1>
<h2>Tool Versions:</h2>
IDE-Version: ¥ìVision V5.37.0.0
Copyright (C) 2022 ARM Ltd and ARM Germany GmbH. All rights reserved.
License Information: Gaël Baron, Epitech, LIC=----
 
Tool Versions:
Toolchain:       MDK-Lite  Version: 5.37.0.0
Toolchain Path:  C:\Keil_v5\ARM\ARMCLANG\Bin
C Compiler:      ArmClang.exe V6.18
Assembler:       Armasm.exe V6.18
Linker/Locator:  ArmLink.exe V6.18
Library Manager: ArmAr.exe V6.18
Hex Converter:   FromElf.exe V6.18
CPU DLL:         SARMCM3.DLL V5.37.0.0
Dialog DLL:      DCM.DLL V1.17.5.0
Target DLL:      STLink\ST-LINKIII-KEIL_SWO.dll V3.0.9.0
Dialog DLL:      TCM.DLL V1.56.1.0
 
<h2>Project:</h2>
C:\Users\baron\Desktop\Inha Courses\Embedded\Project.uvprojx
Project File Date:  11/30/2022

<h2>Output:</h2>
*** Using Compiler 'V6.18', folder: 'C:\Keil_v5\ARM\ARMCLANG\Bin'
Rebuild target 'Target 1'
ADC.c(52): warning: ISO C requires a translation unit to contain at least one declaration [-Wempty-translation-unit]
*/
  ^
1 warning generated.
compiling ADC.c...
sec.c(90): warning: ISO C requires a translation unit to contain at least one declaration [-Wempty-translation-unit]
*/
  ^
1 warning generated.
compiling sec.c...
assembling startup_stm32l476xx.s...
compiling system_stm32l4xx.c...
main.c(9): warning: use of GNU empty initializer extension [-Wgnu-empty-initializer]
static unsigned char isPushed[16] = { };
                                    ^
1 warning generated.
compiling main.c...
st_basic.c(3): warning: no previous extern declaration for non-static variable 'sysMillis' [-Wmissing-variable-declarations]
unsigned int sysMillis = 0;
             ^
st_basic.c(3): note: declare 'static' if the variable is not intended to be used outside of this translation unit
unsigned int sysMillis = 0;
^
st_basic.c(27): warning: implicit conversion changes signedness: 'int' to 'unsigned int' [-Wsign-conversion]
        unsigned int modeIn32Bit = ((mode & 3) << (2 * pin));
                     ~~~~~~~~~~~    ~~~~~~~~~~~^~~~~~~~~~~~
st_basic.c(28): warning: implicit conversion changes signedness: 'int' to 'unsigned int' [-Wsign-conversion]
        unsigned int pullUpDown = ((mode >> 2) << (2 * pin));
                     ~~~~~~~~~~    ~~~~~~~~~~~~^~~~~~~~~~~~
st_basic.c(33): warning: implicit conversion changes signedness: 'int' to 'unsigned int' [-Wsign-conversion]
        port->MODER &= (modeIn32Bit | ~(3 << (2 * pin)));
                                    ~ ^~~~~~~~~~~~~~~~~
st_basic.c(36): warning: implicit conversion changes signedness: 'int' to 'unsigned int' [-Wsign-conversion]
        port->PUPDR &= (pullUpDown | ~(3 << (2 * pin)));
                                   ~ ^~~~~~~~~~~~~~~~~
st_basic.c(62): warning: implicit conversion loses integer precision: 'volatile uint16_t' (aka 'volatile unsigned short') to 'char' [-Wimplicit-int-conversion]
        return USART2->RDR;
        ~~~~~~ ~~~~~~~~^~~
st_basic.c(76): warning: no newline at end of file [-Wnewline-eof]
void SysTick_Handler(void) { sysMillis++; }
                                           ^
st_basic.c(76): warning: no previous prototype for function 'SysTick_Handler' [-Wmissing-prototypes]
void SysTick_Handler(void) { sysMillis++; }
     ^
st_basic.c(76): note: declare 'static' if the function is not intended to be used outside of this translation unit
void SysTick_Handler(void) { sysMillis++; }
^
static 
8 warnings generated.
compiling st_basic.c...
linking...
Program Size: Code=1334 RO-data=430 RW-data=0 ZI-data=1656  
".\Objects\Project.axf" - 0 Error(s), 11 Warning(s).

<h2>Software Packages used:</h2>

Package Vendor: ARM
                http://www.keil.com/pack/ARM.CMSIS.5.9.0.pack
                ARM.CMSIS.5.9.0
                CMSIS (Common Microcontroller Software Interface Standard)
   * Component: CORE Version: 5.6.0

Package Vendor: Keil
                http://www.keil.com/pack/Keil.STM32L4xx_DFP.2.6.1.pack
                Keil.STM32L4xx_DFP.2.6.1
                STMicroelectronics STM32L4 Series Device Support, Drivers and Examples
   * Component: Startup Version: 1.3.1

<h2>Collection of Component include folders:</h2>
  ./RTE/_Target_1
  C:/Users/baron/AppData/Local/Arm/Packs/ARM/CMSIS/5.9.0/CMSIS/Core/Include
  C:/Users/baron/AppData/Local/Arm/Packs/Keil/STM32L4xx_DFP/2.6.1/Drivers/CMSIS/Device/ST/STM32L4xx/Include

<h2>Collection of Component Files used:</h2>

   * Component: ARM::CMSIS:CORE:5.6.0

   * Component: Keil::Device:Startup:1.3.1
      Source file:   MDK/Device/Source/ARM/STM32L4xx_DB_OPT.s
      Source file:   Drivers/CMSIS/Device/ST/STM32L4xx/Source/Templates/system_stm32l4xx.c
      Include file:  Drivers/CMSIS/Device/ST/STM32L4xx/Include/stm32l4xx.h
      Source file:   Drivers/CMSIS/Device/ST/STM32L4xx/Source/Templates/arm/startup_stm32l476xx.s
Build Time Elapsed:  00:00:01
</pre>
</body>
</html>
